{
    "-profile test_multidb": {
        "content": [
            {
                "BARRNAP": {
                    "barrnap": 0.9
                },
                "BARRNAPSUMMARY": {
                    "python": "Python 3.9.1"
                },
                "COMBINE_TABLE": {
                    "R": "4.0.3"
                },
                "CUTADAPT_BASIC": {
                    "cutadapt": 5.2
                },
                "CUTADAPT_SUMMARY_STD": {
                    "python": "Python 3.8.3"
                },
                "CUTADAPT_TAXONOMY": {
                    "cutadapt": 5.2
                },
                "DADA2_ADDSPECIES": {
                    "R": "4.5.2",
                    "dada2": "1.38.0"
                },
                "DADA2_DENOISING": {
                    "R": "4.5.2",
                    "dada2": "1.38.0"
                },
                "DADA2_ERR": {
                    "R": "4.5.2",
                    "dada2": "1.38.0"
                },
                "DADA2_FILTNTRIM": {
                    "R": "4.5.2",
                    "dada2": "1.38.0"
                },
                "DADA2_MERGE": {
                    "R": "4.5.2",
                    "dada2": "1.38.0"
                },
                "DADA2_QUALITY1": {
                    "R": "4.5.2",
                    "dada2": "1.38.0",
                    "ShortRead": "1.68.0"
                },
                "DADA2_QUALITY2": {
                    "R": "4.5.2",
                    "dada2": "1.38.0",
                    "ShortRead": "1.68.0"
                },
                "DADA2_RMCHIMERA": {
                    "R": "4.5.2",
                    "dada2": "1.38.0"
                },
                "DADA2_STATS": {
                    "R": "4.5.2",
                    "dada2": "1.38.0"
                },
                "DADA2_TAXONOMY": {
                    "R": "4.5.2",
                    "dada2": "1.38.0"
                },
                "DECONTAM": {
                    "R": "4.5.2",
                    "decontam": "1.30.0"
                },
                "DUCKDB_TABLE2PARQUET": {
                    "duckdb": "1.5.5"
                },
                "FILTER_SAMPLES": {
                    "R": "4.2.1"
                },
                "FILTER_STATS": {
                    "python": "3.9.1",
                    "pandas": "1.1.5"
                },
                "FORMAT_TAXONOMY": {
                    "bash": "5.0.16(1)-release",
                    "sed": 4.7
                },
                "MERGE_STATS_DADA": {
                    "R": "4.5.2"
                },
                "MERGE_STATS_FILTERTAXA": {
                    "R": "4.5.2"
                },
                "PHYLOSEQ": {
                    "R": "4.4.2",
                    "phyloseq": "1.50.0"
                },
                "PHYLOSEQ_INASV": {
                    "sed": 4.7
                },
                "QIIME2_BARPLOT": {
                    "qiime2": "2026.4.0"
                },
                "QIIME2_EXPORT_ABSOLUTE": {
                    "qiime2": "2026.4.0"
                },
                "QIIME2_EXPORT_RELASV": {
                    "qiime2": "2026.4.0"
                },
                "QIIME2_EXPORT_RELTAX": {
                    "qiime2": "2026.4.0"
                },
                "QIIME2_INASV": {
                    "qiime2": "2026.4.0"
                },
                "QIIME2_INSEQ": {
                    "qiime2": "2026.4.0"
                },
                "QIIME2_INTAX": {
                    "qiime2": "2026.4.0"
                },
                "QIIME2_SEQFILTERTABLE": {
                    "qiime2": "2026.4.0"
                },
                "QIIME2_TABLEFILTERTAXA": {
                    "qiime2": "2026.4.0"
                },
                "RENAME_RAW_DATA_FILES": {
                    "bash": "5.0.17(1)-release"
                },
                "SUMMARY_TABLE_COUNTS": {
                    "R": "4.3.1",
                    "r-dplyr": "1.1.4"
                },
                "TREESUMMARIZEDEXPERIMENT": {
                    "R": "4.3.2",
                    "TreeSummarizedExperiment": "2.10.0"
                },
                "TRUNCLEN": {
                    "python": "3.9.1",
                    "pandas": "1.1.5"
                },
                "Workflow": {
                    "nf-core/ampliseq": "v2.19.0dev"
                }
            },
            [
                "barrnap",
                "barrnap/rrna.arc.gff",
                "barrnap/rrna.bac.gff",
                "barrnap/rrna.euk.gff",
                "barrnap/rrna.mito.gff",
                "barrnap/summary.tsv",
                "cutadapt",
                "cutadapt/assignTaxonomy_gtdb_R07-RS207.cutadapt.log",
                "cutadapt/assignTaxonomy_rdp_18.cutadapt.log",
                "cutadapt/cutadapt_summary.tsv",
                "cutadapt/sampleID_1.trimmed.cutadapt.log",
                "cutadapt/sampleID_1a.trimmed.cutadapt.log",
                "cutadapt/sampleID_2.trimmed.cutadapt.log",
                "cutadapt/sampleID_2a.trimmed.cutadapt.log",
                "dada2",
                "dada2/ASV_seqs.fasta",
                "dada2/ASV_table.tsv",
                "dada2/ASV_tax.gtdb_R07-RS207.tsv",
                "dada2/ASV_tax.rdp_18.tsv",
                "dada2/ASV_tax_species.gtdb_R07-RS207.tsv",
                "dada2/ASV_tax_species.rdp_18.tsv",
                "dada2/DADA2_stats.tsv",
                "dada2/DADA2_table.rds",
                "dada2/DADA2_table.tsv",
                "dada2/QC",
                "dada2/QC/1_1.err.convergence.txt",
                "dada2/QC/1_1.err.pdf",
                "dada2/QC/1_2.err.convergence.txt",
                "dada2/QC/1_2.err.pdf",
                "dada2/QC/4 files were used for FW plotQualityProfile.txt",
                "dada2/QC/4 files were used for RV plotQualityProfile.txt",
                "dada2/QC/FW_preprocessed_qual_stats.pdf",
                "dada2/QC/FW_qual_stats.pdf",
                "dada2/QC/RV_preprocessed_qual_stats.pdf",
                "dada2/QC/RV_qual_stats.pdf",
                "dada2/QC/svg",
                "dada2/QC/svg/1_1.err.svg",
                "dada2/QC/svg/1_2.err.svg",
                "dada2/QC/svg/FW_preprocessed_qual_stats.svg",
                "dada2/QC/svg/FW_qual_stats.svg",
                "dada2/QC/svg/RV_preprocessed_qual_stats.svg",
                "dada2/QC/svg/RV_qual_stats.svg",
                "dada2/args",
                "dada2/args/FW_plotQualityProfile.args.txt",
                "dada2/args/FW_preprocessed_plotQualityProfile.args.txt",
                "dada2/args/RV_plotQualityProfile.args.txt",
                "dada2/args/RV_preprocessed_plotQualityProfile.args.txt",
                "dada2/args/addSpecies_gtdb_R07-RS207.args.txt",
                "dada2/args/addSpecies_rdp_18.args.txt",
                "dada2/args/assignTaxonomy.ASV_tax.gtdb_R07-RS207.args.txt",
                "dada2/args/assignTaxonomy.ASV_tax.rdp_18.args.txt",
                "dada2/args/dada.args.txt",
                "dada2/args/filterAndTrim.args.txt",
                "dada2/args/learnErrors.args.txt",
                "dada2/args/mergePairs.args.txt",
                "dada2/args/removeBimeraDenovo.args.txt",
                "dada2/chunks",
                "dada2/chunks/ASV_seqs.1.ASV_tax.gtdb_R07-RS207.species.tsv",
                "dada2/chunks/ASV_seqs.1.ASV_tax.gtdb_R07-RS207.tsv",
                "dada2/chunks/ASV_seqs.1.ASV_tax.rdp_18.species.tsv",
                "dada2/chunks/ASV_seqs.1.ASV_tax.rdp_18.tsv",
                "dada2/log",
                "dada2/log/1.dada.log",
                "dada2/log/1.err.log",
                "dada2/ref_taxonomy.gtdb_R07-RS207.txt",
                "dada2/ref_taxonomy.rdp_18.txt",
                "decontam",
                "decontam/decontaminated.tsv",
                "decontam/decontaminated_counts.tsv",
                "decontam/decontaminated_details.tsv",
                "decontam/decontaminated_log.tsv",
                "input",
                "input/Metadata.tsv",
                "input/Samplesheet_v3.tsv",
                "multiqc",
                "multiqc/multiqc_data",
                "multiqc/multiqc_data/cutadapt_filtered_reads_plot.txt",
                "multiqc/multiqc_data/cutadapt_trimmed_sequences_plot_5_Counts.txt",
                "multiqc/multiqc_data/cutadapt_trimmed_sequences_plot_5_Obs_Exp.txt",
                "multiqc/multiqc_data/llms-full.txt",
                "multiqc/multiqc_data/multiqc.log",
                "multiqc/multiqc_data/multiqc.parquet",
                "multiqc/multiqc_data/multiqc_citations.txt",
                "multiqc/multiqc_data/multiqc_cutadapt.txt",
                "multiqc/multiqc_data/multiqc_data.json",
                "multiqc/multiqc_data/multiqc_general_stats.txt",
                "multiqc/multiqc_data/multiqc_software_versions.txt",
                "multiqc/multiqc_data/multiqc_sources.txt",
                "multiqc/multiqc_plots",
                "multiqc/multiqc_plots/pdf",
                "multiqc/multiqc_plots/pdf/cutadapt_filtered_reads_plot-cnt.pdf",
                "multiqc/multiqc_plots/pdf/cutadapt_filtered_reads_plot-pct.pdf",
                "multiqc/multiqc_plots/pdf/cutadapt_trimmed_sequences_plot_5_Counts.pdf",
                "multiqc/multiqc_plots/pdf/cutadapt_trimmed_sequences_plot_5_Obs_Exp.pdf",
                "multiqc/multiqc_plots/png",
                "multiqc/multiqc_plots/png/cutadapt_filtered_reads_plot-cnt.png",
                "multiqc/multiqc_plots/png/cutadapt_filtered_reads_plot-pct.png",
                "multiqc/multiqc_plots/png/cutadapt_trimmed_sequences_plot_5_Counts.png",
                "multiqc/multiqc_plots/png/cutadapt_trimmed_sequences_plot_5_Obs_Exp.png",
                "multiqc/multiqc_plots/svg",
                "multiqc/multiqc_plots/svg/cutadapt_filtered_reads_plot-cnt.svg",
                "multiqc/multiqc_plots/svg/cutadapt_filtered_reads_plot-pct.svg",
                "multiqc/multiqc_plots/svg/cutadapt_trimmed_sequences_plot_5_Counts.svg",
                "multiqc/multiqc_plots/svg/cutadapt_trimmed_sequences_plot_5_Obs_Exp.svg",
                "multiqc/multiqc_report.html",
                "overall_summary.tsv",
                "phyloseq",
                "phyloseq/dada2_phyloseq.rds",
                "pipeline_info",
                "pipeline_info/nf_core_ampliseq_software_mqc_versions.yml",
                "qiime2",
                "qiime2/abundance_tables",
                "qiime2/abundance_tables/abs-abund-table-2.tsv",
                "qiime2/abundance_tables/abs-abund-table-3.tsv",
                "qiime2/abundance_tables/abs-abund-table-4.tsv",
                "qiime2/abundance_tables/abs-abund-table-5.tsv",
                "qiime2/abundance_tables/abs-abund-table-6.tsv",
                "qiime2/abundance_tables/count_table_filter_stats.tsv",
                "qiime2/abundance_tables/feature-table.biom",
                "qiime2/abundance_tables/feature-table.tsv",
                "qiime2/abundance_tables/filtered-table.qza",
                "qiime2/barplot",
                "qiime2/barplot/dist",
                "qiime2/barplot/dist/bundle.js",
                "qiime2/barplot/dist/d3-license.txt",
                "qiime2/barplot/dist/d3-scale-chromatic-license.txt",
                "qiime2/barplot/dist/thenBy-license.txt",
                "qiime2/barplot/dist/vendor.bundle.js",
                "qiime2/barplot/index.html",
                "qiime2/barplot/level-1.csv",
                "qiime2/barplot/level-1.jsonp",
                "qiime2/barplot/level-2.csv",
                "qiime2/barplot/level-2.jsonp",
                "qiime2/barplot/level-3.csv",
                "qiime2/barplot/level-3.jsonp",
                "qiime2/barplot/level-4.csv",
                "qiime2/barplot/level-4.jsonp",
                "qiime2/barplot/level-5.csv",
                "qiime2/barplot/level-5.jsonp",
                "qiime2/barplot/level-6.csv",
                "qiime2/barplot/level-6.jsonp",
                "qiime2/barplot/level-7.csv",
                "qiime2/barplot/level-7.jsonp",
                "qiime2/barplot/level-8.csv",
                "qiime2/barplot/level-8.jsonp",
                "qiime2/barplot/q2templateassets",
                "qiime2/barplot/q2templateassets/css",
                "qiime2/barplot/q2templateassets/css/base-template.css",
                "qiime2/barplot/q2templateassets/css/bootstrap.min.css",
                "qiime2/barplot/q2templateassets/css/normalize.css",
                "qiime2/barplot/q2templateassets/css/tab-parent.css",
                "qiime2/barplot/q2templateassets/fonts",
                "qiime2/barplot/q2templateassets/fonts/glyphicons-halflings-regular.eot",
                "qiime2/barplot/q2templateassets/fonts/glyphicons-halflings-regular.svg",
                "qiime2/barplot/q2templateassets/fonts/glyphicons-halflings-regular.ttf",
                "qiime2/barplot/q2templateassets/fonts/glyphicons-halflings-regular.woff",
                "qiime2/barplot/q2templateassets/fonts/glyphicons-halflings-regular.woff2",
                "qiime2/barplot/q2templateassets/img",
                "qiime2/barplot/q2templateassets/img/qiime2-rect-200.png",
                "qiime2/barplot/q2templateassets/js",
                "qiime2/barplot/q2templateassets/js/bootstrap.min.js",
                "qiime2/barplot/q2templateassets/js/child.js",
                "qiime2/barplot/q2templateassets/js/jquery-3.2.0.min.js",
                "qiime2/barplot/q2templateassets/js/parent.js",
                "qiime2/input",
                "qiime2/input/rep-seqs.qza",
                "qiime2/input/table.qza",
                "qiime2/input/taxonomy.qza",
                "qiime2/rel_abundance_tables",
                "qiime2/rel_abundance_tables/rel-table-2.tsv",
                "qiime2/rel_abundance_tables/rel-table-3.tsv",
                "qiime2/rel_abundance_tables/rel-table-4.tsv",
                "qiime2/rel_abundance_tables/rel-table-5.tsv",
                "qiime2/rel_abundance_tables/rel-table-6.tsv",
                "qiime2/rel_abundance_tables/rel-table-ASV.tsv",
                "qiime2/rel_abundance_tables/rel-table-ASV_with-DADA2-gtdb_R07-RS207-tax.tsv",
                "qiime2/rel_abundance_tables/rel-table-ASV_with-DADA2-rdp_18-tax.tsv",
                "qiime2/representative_sequences",
                "qiime2/representative_sequences/descriptive_stats.tsv",
                "qiime2/representative_sequences/filtered-sequences.qza",
                "qiime2/representative_sequences/rep-seq.fasta",
                "qiime2/representative_sequences/seven_number_summary.tsv",
                "summary_report",
                "summary_report/dada2_taxonomic_classification_per_taxonomy_level.svg",
                "summary_report/rrna_detection_with_barrnap.svg",
                "summary_report/stacked_barchart_of_reads.svg",
                "summary_report/summary_report.html",
                "summary_report/versions.yml",
                "summary_tables",
                "summary_tables/ampliseq.counts.parquet",
                "summary_tables/ampliseq.counts.tsv.gz",
                "treesummarizedexperiment",
                "treesummarizedexperiment/dada2_TreeSummarizedExperiment.rds"
            ]
        ],
        "timestamp": "2026-08-20T14:40:28.053644025",
        "meta": {
            "nf-test": "0.9.5",
            "nextflow": "26.04.6"
        }
    }
}