{
    "comparison-checks": {
        "content": [
            "performance_summary.tsv: median F1 > 0.8: true",
            "profile_summary.tsv: median F1 at level 6 > 0.8: true"
        ],
        "timestamp": "2026-08-14T13:34:09.353360077",
        "meta": {
            "nf-test": "0.9.5",
            "nextflow": "26.04.6"
        }
    },
    "log-checks": {
        "content": [
            "savont_asv_logs contains 'SAVONT COMPLETED SUCCESSFULLY': true",
            "savont_export_logs contains 'Export complete.': true"
        ],
        "timestamp": "2026-08-14T11:32:37.950407652",
        "meta": {
            "nf-test": "0.9.5",
            "nextflow": "26.04.6"
        }
    },
    "-profile test_savont": {
        "content": [
            {
                "BARRNAP": {
                    "barrnap": 0.9
                },
                "BARRNAPSUMMARY": {
                    "python": "Python 3.9.1"
                },
                "CHOPPER": {
                    "chopper": "0.12.0"
                },
                "COMBINE_TABLE": {
                    "R": "4.0.3"
                },
                "COMPARE_PERFORMANCE": {
                    "R": "4.2.1"
                },
                "COMPARE_PROFILE": {
                    "R": "4.2.1"
                },
                "COMPARE_SEQUENCES": {
                    "R": "4.2.1"
                },
                "CUTADAPT_BASIC": {
                    "cutadapt": 5.2
                },
                "CUTADAPT_SUMMARY_STD": {
                    "python": "Python 3.8.3"
                },
                "DADA2_ADDSPECIES": {
                    "R": "4.5.2",
                    "dada2": "1.38.0"
                },
                "DADA2_TAXONOMY": {
                    "R": "4.5.2",
                    "dada2": "1.38.0"
                },
                "FASTQC": {
                    "fastqc": "0.12.1"
                },
                "FILTER_LEN_ASV": {
                    "R": "4.0.3",
                    "Biostrings": "2.58.0"
                },
                "FILTER_STATS": {
                    "python": "3.9.1",
                    "pandas": "1.1.5"
                },
                "FORMAT_TAXONOMY": {
                    "bash": "5.0.16(1)-release",
                    "sed": 4.7
                },
                "MERGE_STATS_CUTADAPT": {
                    "R": "4.5.2"
                },
                "MERGE_STATS_FILTERLENASV": {
                    "R": "4.5.2"
                },
                "MERGE_STATS_FILTERTAXA": {
                    "R": "4.5.2"
                },
                "MERGE_STATS_SAVONT": {
                    "R": "4.5.2"
                },
                "PHYLOSEQ": {
                    "R": "4.4.2",
                    "phyloseq": "1.50.0"
                },
                "PHYLOSEQ_INASV": {
                    "sed": 4.7
                },
                "QIIME2_BARPLOT": {
                    "qiime2": "2026.4.0"
                },
                "QIIME2_EXPORT_ABSOLUTE": {
                    "qiime2": "2026.4.0"
                },
                "QIIME2_EXPORT_RELASV": {
                    "qiime2": "2026.4.0"
                },
                "QIIME2_EXPORT_RELTAX": {
                    "qiime2": "2026.4.0"
                },
                "QIIME2_INASV": {
                    "qiime2": "2026.4.0"
                },
                "QIIME2_INSEQ": {
                    "qiime2": "2026.4.0"
                },
                "QIIME2_INTAX": {
                    "qiime2": "2026.4.0"
                },
                "QIIME2_SEQFILTERTABLE": {
                    "qiime2": "2026.4.0"
                },
                "QIIME2_TABLEFILTERTAXA": {
                    "qiime2": "2026.4.0"
                },
                "RENAME_RAW_DATA_FILES": {
                    "bash": "5.0.17(1)-release"
                },
                "SAVONT_ASV": {
                    "savont": "0.6.3"
                },
                "SAVONT_EXPORT": {
                    "savont": "0.6.3"
                },
                "TREESUMMARIZEDEXPERIMENT": {
                    "R": "4.3.2",
                    "TreeSummarizedExperiment": "2.10.0"
                },
                "VSEARCH_USEARCHGLOBAL_BM": {
                    "vsearch": "2.31.0"
                },
                "Workflow": {
                    "nf-core/ampliseq": "v2.19.0dev"
                }
            },
            [
                "asv_length_filter",
                "asv_length_filter/ASV_len_filt.tsv",
                "asv_length_filter/ASV_len_orig.tsv",
                "asv_length_filter/ASV_seqs.len.fasta",
                "asv_length_filter/ASV_table.len.tsv",
                "asv_length_filter/stats.len.tsv",
                "barrnap",
                "barrnap/rrna.arc.gff",
                "barrnap/rrna.bac.gff",
                "barrnap/rrna.euk.gff",
                "barrnap/rrna.mito.gff",
                "barrnap/summary.tsv",
                "comparison",
                "comparison/abundances_per-sample.tsv",
                "comparison/md5sum_version.txt",
                "comparison/nucleotide-differences.log",
                "comparison/nucleotide-differences.tsv",
                "comparison/per-sample",
                "comparison/per-sample/Log1_abundance_barplot.svg",
                "comparison/per-sample/Log1_nucleotide-differences_per-sample.tsv",
                "comparison/per-sample/Log1_nucleotide-distance_barplot.png",
                "comparison/per-sample/Log1_nucleotide-distance_barplot.svg",
                "comparison/per-sample/Log1_rank_abundance_curve.svg",
                "comparison/per-sample/Log1_scatter_loglog.svg",
                "comparison/per-sample/Log2_abundance_barplot.svg",
                "comparison/per-sample/Log2_nucleotide-differences_per-sample.tsv",
                "comparison/per-sample/Log2_nucleotide-distance_barplot.png",
                "comparison/per-sample/Log2_nucleotide-distance_barplot.svg",
                "comparison/per-sample/Log2_rank_abundance_curve.svg",
                "comparison/per-sample/Log2_scatter_loglog.svg",
                "comparison/per-sample/Log3_abundance_barplot.svg",
                "comparison/per-sample/Log3_nucleotide-differences_per-sample.tsv",
                "comparison/per-sample/Log3_nucleotide-distance_barplot.png",
                "comparison/per-sample/Log3_nucleotide-distance_barplot.svg",
                "comparison/per-sample/Log3_rank_abundance_curve.svg",
                "comparison/per-sample/Log3_scatter_loglog.svg",
                "comparison/per-sample/Std1_abundance_barplot.svg",
                "comparison/per-sample/Std1_nucleotide-differences_per-sample.tsv",
                "comparison/per-sample/Std1_nucleotide-distance_barplot.png",
                "comparison/per-sample/Std1_nucleotide-distance_barplot.svg",
                "comparison/per-sample/Std1_rank_abundance_curve.svg",
                "comparison/per-sample/Std1_scatter_loglog.svg",
                "comparison/per-sample/Std2_abundance_barplot.svg",
                "comparison/per-sample/Std2_nucleotide-differences_per-sample.tsv",
                "comparison/per-sample/Std2_nucleotide-distance_barplot.png",
                "comparison/per-sample/Std2_nucleotide-distance_barplot.svg",
                "comparison/per-sample/Std2_rank_abundance_curve.svg",
                "comparison/per-sample/Std2_scatter_loglog.svg",
                "comparison/per-sample/Std3_abundance_barplot.svg",
                "comparison/per-sample/Std3_nucleotide-differences_per-sample.tsv",
                "comparison/per-sample/Std3_nucleotide-distance_barplot.png",
                "comparison/per-sample/Std3_nucleotide-distance_barplot.svg",
                "comparison/per-sample/Std3_rank_abundance_curve.svg",
                "comparison/per-sample/Std3_scatter_loglog.svg",
                "comparison/performance.log",
                "comparison/performance_boxplot.png",
                "comparison/performance_boxplot.svg",
                "comparison/performance_per-sample.tsv",
                "comparison/performance_summary.tsv",
                "comparison/profile.log",
                "comparison/profile_lineplot.png",
                "comparison/profile_lineplot.svg",
                "comparison/profile_per-sample.tsv",
                "comparison/profile_summary.tsv",
                "comparison/vsearch_usearchglobal.tsv",
                "cutadapt",
                "cutadapt/Log1.trimmed.cutadapt.log",
                "cutadapt/Log2.trimmed.cutadapt.log",
                "cutadapt/Log3.trimmed.cutadapt.log",
                "cutadapt/Std1.trimmed.cutadapt.log",
                "cutadapt/Std2.trimmed.cutadapt.log",
                "cutadapt/Std3.trimmed.cutadapt.log",
                "cutadapt/cutadapt_summary.tsv",
                "dada2",
                "dada2/ASV_tax.gtdb_R07-RS207.tsv",
                "dada2/ASV_tax_species.gtdb_R07-RS207.tsv",
                "dada2/args",
                "dada2/args/addSpecies.args.txt",
                "dada2/args/assignTaxonomy.args.txt",
                "dada2/chunks",
                "dada2/chunks/ASV_seqs.len.1.ASV_tax.gtdb_R07-RS207.species.tsv",
                "dada2/chunks/ASV_seqs.len.1.ASV_tax.gtdb_R07-RS207.tsv",
                "dada2/ref_taxonomy.gtdb_R07-RS207.txt",
                "fastqc",
                "fastqc/Log1_fastqc.html",
                "fastqc/Log2_fastqc.html",
                "fastqc/Log3_fastqc.html",
                "fastqc/Std1_fastqc.html",
                "fastqc/Std2_fastqc.html",
                "fastqc/Std3_fastqc.html",
                "input",
                "input/Samplesheet_nanopore_v3.tsv",
                "multiqc",
                "multiqc/multiqc_data",
                "multiqc/multiqc_data/cutadapt_filtered_reads_plot.txt",
                "multiqc/multiqc_data/cutadapt_trimmed_sequences_plot_3_Counts.txt",
                "multiqc/multiqc_data/cutadapt_trimmed_sequences_plot_3_Obs_Exp.txt",
                "multiqc/multiqc_data/cutadapt_trimmed_sequences_plot_5_Counts.txt",
                "multiqc/multiqc_data/cutadapt_trimmed_sequences_plot_5_Obs_Exp.txt",
                "multiqc/multiqc_data/fastqc-status-check-heatmap.txt",
                "multiqc/multiqc_data/fastqc_adapter_content_plot.txt",
                "multiqc/multiqc_data/fastqc_overrepresented_sequences_plot.txt",
                "multiqc/multiqc_data/fastqc_per_base_n_content_plot.txt",
                "multiqc/multiqc_data/fastqc_per_base_sequence_quality_plot.txt",
                "multiqc/multiqc_data/fastqc_per_sequence_gc_content_plot_Counts.txt",
                "multiqc/multiqc_data/fastqc_per_sequence_gc_content_plot_Percentages.txt",
                "multiqc/multiqc_data/fastqc_per_sequence_quality_scores_plot.txt",
                "multiqc/multiqc_data/fastqc_sequence_counts_plot.txt",
                "multiqc/multiqc_data/fastqc_sequence_duplication_levels_plot.txt",
                "multiqc/multiqc_data/fastqc_sequence_length_distribution_plot.txt",
                "multiqc/multiqc_data/fastqc_top_overrepresented_sequences_table.txt",
                "multiqc/multiqc_data/llms-full.txt",
                "multiqc/multiqc_data/multiqc.log",
                "multiqc/multiqc_data/multiqc.parquet",
                "multiqc/multiqc_data/multiqc_citations.txt",
                "multiqc/multiqc_data/multiqc_cutadapt.txt",
                "multiqc/multiqc_data/multiqc_data.json",
                "multiqc/multiqc_data/multiqc_fastqc.txt",
                "multiqc/multiqc_data/multiqc_general_stats.txt",
                "multiqc/multiqc_data/multiqc_software_versions.txt",
                "multiqc/multiqc_data/multiqc_sources.txt",
                "multiqc/multiqc_data/porechop-endtrim-barplot.txt",
                "multiqc/multiqc_data/porechop-middlesplit-barplot.txt",
                "multiqc/multiqc_data/porechop-starttrim-barplot.txt",
                "multiqc/multiqc_data/porechop.txt",
                "multiqc/multiqc_plots",
                "multiqc/multiqc_plots/pdf",
                "multiqc/multiqc_plots/pdf/cutadapt_filtered_reads_plot-cnt.pdf",
                "multiqc/multiqc_plots/pdf/cutadapt_filtered_reads_plot-pct.pdf",
                "multiqc/multiqc_plots/pdf/cutadapt_trimmed_sequences_plot_3_Counts.pdf",
                "multiqc/multiqc_plots/pdf/cutadapt_trimmed_sequences_plot_3_Obs_Exp.pdf",
                "multiqc/multiqc_plots/pdf/cutadapt_trimmed_sequences_plot_5_Counts.pdf",
                "multiqc/multiqc_plots/pdf/cutadapt_trimmed_sequences_plot_5_Obs_Exp.pdf",
                "multiqc/multiqc_plots/pdf/fastqc-status-check-heatmap.pdf",
                "multiqc/multiqc_plots/pdf/fastqc_adapter_content_plot.pdf",
                "multiqc/multiqc_plots/pdf/fastqc_overrepresented_sequences_plot.pdf",
                "multiqc/multiqc_plots/pdf/fastqc_per_base_n_content_plot.pdf",
                "multiqc/multiqc_plots/pdf/fastqc_per_base_sequence_quality_plot.pdf",
                "multiqc/multiqc_plots/pdf/fastqc_per_sequence_gc_content_plot_Counts.pdf",
                "multiqc/multiqc_plots/pdf/fastqc_per_sequence_gc_content_plot_Percentages.pdf",
                "multiqc/multiqc_plots/pdf/fastqc_per_sequence_quality_scores_plot.pdf",
                "multiqc/multiqc_plots/pdf/fastqc_sequence_counts_plot-cnt.pdf",
                "multiqc/multiqc_plots/pdf/fastqc_sequence_counts_plot-pct.pdf",
                "multiqc/multiqc_plots/pdf/fastqc_sequence_duplication_levels_plot.pdf",
                "multiqc/multiqc_plots/pdf/fastqc_sequence_length_distribution_plot.pdf",
                "multiqc/multiqc_plots/pdf/fastqc_top_overrepresented_sequences_table.pdf",
                "multiqc/multiqc_plots/pdf/porechop-endtrim-barplot-cnt.pdf",
                "multiqc/multiqc_plots/pdf/porechop-endtrim-barplot-pct.pdf",
                "multiqc/multiqc_plots/pdf/porechop-middlesplit-barplot-cnt.pdf",
                "multiqc/multiqc_plots/pdf/porechop-middlesplit-barplot-pct.pdf",
                "multiqc/multiqc_plots/pdf/porechop-starttrim-barplot-cnt.pdf",
                "multiqc/multiqc_plots/pdf/porechop-starttrim-barplot-pct.pdf",
                "multiqc/multiqc_plots/png",
                "multiqc/multiqc_plots/png/cutadapt_filtered_reads_plot-cnt.png",
                "multiqc/multiqc_plots/png/cutadapt_filtered_reads_plot-pct.png",
                "multiqc/multiqc_plots/png/cutadapt_trimmed_sequences_plot_3_Counts.png",
                "multiqc/multiqc_plots/png/cutadapt_trimmed_sequences_plot_3_Obs_Exp.png",
                "multiqc/multiqc_plots/png/cutadapt_trimmed_sequences_plot_5_Counts.png",
                "multiqc/multiqc_plots/png/cutadapt_trimmed_sequences_plot_5_Obs_Exp.png",
                "multiqc/multiqc_plots/png/fastqc-status-check-heatmap.png",
                "multiqc/multiqc_plots/png/fastqc_adapter_content_plot.png",
                "multiqc/multiqc_plots/png/fastqc_overrepresented_sequences_plot.png",
                "multiqc/multiqc_plots/png/fastqc_per_base_n_content_plot.png",
                "multiqc/multiqc_plots/png/fastqc_per_base_sequence_quality_plot.png",
                "multiqc/multiqc_plots/png/fastqc_per_sequence_gc_content_plot_Counts.png",
                "multiqc/multiqc_plots/png/fastqc_per_sequence_gc_content_plot_Percentages.png",
                "multiqc/multiqc_plots/png/fastqc_per_sequence_quality_scores_plot.png",
                "multiqc/multiqc_plots/png/fastqc_sequence_counts_plot-cnt.png",
                "multiqc/multiqc_plots/png/fastqc_sequence_counts_plot-pct.png",
                "multiqc/multiqc_plots/png/fastqc_sequence_duplication_levels_plot.png",
                "multiqc/multiqc_plots/png/fastqc_sequence_length_distribution_plot.png",
                "multiqc/multiqc_plots/png/fastqc_top_overrepresented_sequences_table.png",
                "multiqc/multiqc_plots/png/porechop-endtrim-barplot-cnt.png",
                "multiqc/multiqc_plots/png/porechop-endtrim-barplot-pct.png",
                "multiqc/multiqc_plots/png/porechop-middlesplit-barplot-cnt.png",
                "multiqc/multiqc_plots/png/porechop-middlesplit-barplot-pct.png",
                "multiqc/multiqc_plots/png/porechop-starttrim-barplot-cnt.png",
                "multiqc/multiqc_plots/png/porechop-starttrim-barplot-pct.png",
                "multiqc/multiqc_plots/svg",
                "multiqc/multiqc_plots/svg/cutadapt_filtered_reads_plot-cnt.svg",
                "multiqc/multiqc_plots/svg/cutadapt_filtered_reads_plot-pct.svg",
                "multiqc/multiqc_plots/svg/cutadapt_trimmed_sequences_plot_3_Counts.svg",
                "multiqc/multiqc_plots/svg/cutadapt_trimmed_sequences_plot_3_Obs_Exp.svg",
                "multiqc/multiqc_plots/svg/cutadapt_trimmed_sequences_plot_5_Counts.svg",
                "multiqc/multiqc_plots/svg/cutadapt_trimmed_sequences_plot_5_Obs_Exp.svg",
                "multiqc/multiqc_plots/svg/fastqc-status-check-heatmap.svg",
                "multiqc/multiqc_plots/svg/fastqc_adapter_content_plot.svg",
                "multiqc/multiqc_plots/svg/fastqc_overrepresented_sequences_plot.svg",
                "multiqc/multiqc_plots/svg/fastqc_per_base_n_content_plot.svg",
                "multiqc/multiqc_plots/svg/fastqc_per_base_sequence_quality_plot.svg",
                "multiqc/multiqc_plots/svg/fastqc_per_sequence_gc_content_plot_Counts.svg",
                "multiqc/multiqc_plots/svg/fastqc_per_sequence_gc_content_plot_Percentages.svg",
                "multiqc/multiqc_plots/svg/fastqc_per_sequence_quality_scores_plot.svg",
                "multiqc/multiqc_plots/svg/fastqc_sequence_counts_plot-cnt.svg",
                "multiqc/multiqc_plots/svg/fastqc_sequence_counts_plot-pct.svg",
                "multiqc/multiqc_plots/svg/fastqc_sequence_duplication_levels_plot.svg",
                "multiqc/multiqc_plots/svg/fastqc_sequence_length_distribution_plot.svg",
                "multiqc/multiqc_plots/svg/fastqc_top_overrepresented_sequences_table.svg",
                "multiqc/multiqc_plots/svg/porechop-endtrim-barplot-cnt.svg",
                "multiqc/multiqc_plots/svg/porechop-endtrim-barplot-pct.svg",
                "multiqc/multiqc_plots/svg/porechop-middlesplit-barplot-cnt.svg",
                "multiqc/multiqc_plots/svg/porechop-middlesplit-barplot-pct.svg",
                "multiqc/multiqc_plots/svg/porechop-starttrim-barplot-cnt.svg",
                "multiqc/multiqc_plots/svg/porechop-starttrim-barplot-pct.svg",
                "multiqc/multiqc_report.html",
                "overall_summary.tsv",
                "phyloseq",
                "phyloseq/dada2_phyloseq.rds",
                "pipeline_info",
                "pipeline_info/nf_core_ampliseq_software_mqc_versions.yml",
                "porechop_abi",
                "porechop_abi/Log1.porechop_abi.log",
                "porechop_abi/Log2.porechop_abi.log",
                "porechop_abi/Log3.porechop_abi.log",
                "porechop_abi/Std1.porechop_abi.log",
                "porechop_abi/Std2.porechop_abi.log",
                "porechop_abi/Std3.porechop_abi.log",
                "qiime2",
                "qiime2/abundance_tables",
                "qiime2/abundance_tables/abs-abund-table-2.tsv",
                "qiime2/abundance_tables/abs-abund-table-3.tsv",
                "qiime2/abundance_tables/abs-abund-table-4.tsv",
                "qiime2/abundance_tables/abs-abund-table-5.tsv",
                "qiime2/abundance_tables/abs-abund-table-6.tsv",
                "qiime2/abundance_tables/abs-abund-table-7.tsv",
                "qiime2/abundance_tables/count_table_filter_stats.tsv",
                "qiime2/abundance_tables/feature-table.biom",
                "qiime2/abundance_tables/feature-table.tsv",
                "qiime2/abundance_tables/filtered-table.qza",
                "qiime2/barplot",
                "qiime2/barplot/dist",
                "qiime2/barplot/dist/bundle.js",
                "qiime2/barplot/dist/d3-license.txt",
                "qiime2/barplot/dist/d3-scale-chromatic-license.txt",
                "qiime2/barplot/dist/thenBy-license.txt",
                "qiime2/barplot/dist/vendor.bundle.js",
                "qiime2/barplot/index.html",
                "qiime2/barplot/level-1.csv",
                "qiime2/barplot/level-1.jsonp",
                "qiime2/barplot/level-2.csv",
                "qiime2/barplot/level-2.jsonp",
                "qiime2/barplot/level-3.csv",
                "qiime2/barplot/level-3.jsonp",
                "qiime2/barplot/level-4.csv",
                "qiime2/barplot/level-4.jsonp",
                "qiime2/barplot/level-5.csv",
                "qiime2/barplot/level-5.jsonp",
                "qiime2/barplot/level-6.csv",
                "qiime2/barplot/level-6.jsonp",
                "qiime2/barplot/level-7.csv",
                "qiime2/barplot/level-7.jsonp",
                "qiime2/barplot/level-8.csv",
                "qiime2/barplot/level-8.jsonp",
                "qiime2/barplot/q2templateassets",
                "qiime2/barplot/q2templateassets/css",
                "qiime2/barplot/q2templateassets/css/base-template.css",
                "qiime2/barplot/q2templateassets/css/bootstrap.min.css",
                "qiime2/barplot/q2templateassets/css/normalize.css",
                "qiime2/barplot/q2templateassets/css/tab-parent.css",
                "qiime2/barplot/q2templateassets/fonts",
                "qiime2/barplot/q2templateassets/fonts/glyphicons-halflings-regular.eot",
                "qiime2/barplot/q2templateassets/fonts/glyphicons-halflings-regular.svg",
                "qiime2/barplot/q2templateassets/fonts/glyphicons-halflings-regular.ttf",
                "qiime2/barplot/q2templateassets/fonts/glyphicons-halflings-regular.woff",
                "qiime2/barplot/q2templateassets/fonts/glyphicons-halflings-regular.woff2",
                "qiime2/barplot/q2templateassets/img",
                "qiime2/barplot/q2templateassets/img/qiime2-rect-200.png",
                "qiime2/barplot/q2templateassets/js",
                "qiime2/barplot/q2templateassets/js/bootstrap.min.js",
                "qiime2/barplot/q2templateassets/js/child.js",
                "qiime2/barplot/q2templateassets/js/jquery-3.2.0.min.js",
                "qiime2/barplot/q2templateassets/js/parent.js",
                "qiime2/input",
                "qiime2/input/rep-seqs.qza",
                "qiime2/input/table.qza",
                "qiime2/input/taxonomy.qza",
                "qiime2/rel_abundance_tables",
                "qiime2/rel_abundance_tables/rel-table-2.tsv",
                "qiime2/rel_abundance_tables/rel-table-3.tsv",
                "qiime2/rel_abundance_tables/rel-table-4.tsv",
                "qiime2/rel_abundance_tables/rel-table-5.tsv",
                "qiime2/rel_abundance_tables/rel-table-6.tsv",
                "qiime2/rel_abundance_tables/rel-table-7.tsv",
                "qiime2/rel_abundance_tables/rel-table-ASV.tsv",
                "qiime2/rel_abundance_tables/rel-table-ASV_with-DADA2-gtdb_R07-RS207-tax.tsv",
                "qiime2/representative_sequences",
                "qiime2/representative_sequences/descriptive_stats.tsv",
                "qiime2/representative_sequences/filtered-sequences.qza",
                "qiime2/representative_sequences/rep-seq.fasta",
                "qiime2/representative_sequences/seven_number_summary.tsv",
                "savont",
                "savont/pooled_feature-table.tsv",
                "savont/pooled_final_asvs.fasta",
                "savont/pooled_savont.log",
                "savont/pooled_savont_export.log",
                "savont/pooled_stats.tsv",
                "summary_report",
                "summary_report/asv_length_profile_before_length_filter.svg",
                "summary_report/dada2_taxonomic_classification_per_taxonomy_level.svg",
                "summary_report/rrna_detection_with_barrnap.svg",
                "summary_report/summary_report.html",
                "summary_report/versions.yml",
                "treesummarizedexperiment",
                "treesummarizedexperiment/dada2_TreeSummarizedExperiment.rds"
            ],
            "pooled_feature-table.tsv:md5,72a9798c8a2eba9f512ce1db1623bc2e",
            "pooled_final_asvs.fasta:md5,7c1a6481177859d03d7201d0bef79d5d",
            "pooled_stats.tsv:md5,c18004076a0a549f0e8f6f2b51cccd52",
            "overall_summary.tsv:md5,70c98d09d973fd31596cf0a9ff59ebd7",
            "nucleotide-differences.log:md5,01243d8e01adc20eed66bb88e7439cd5",
            "nucleotide-differences.tsv:md5,b247918365b4cf59f4fbb43ec23001a1",
            "performance.log:md5,b6a68ea31b41ca23ef547afcfa876ca3",
            "profile.log:md5,bab94e7a3cc253ade8f78b1fd146d007"
        ],
        "timestamp": "2026-08-04T18:53:20.660667878",
        "meta": {
            "nf-test": "0.9.5",
            "nextflow": "26.04.6"
        }
    }
}