{
    "input": {
        "content": [
            "Samplesheet_double_primer.tsv:md5,cd63754fefa6e844a758efb893660f97"
        ],
        "timestamp": "2023-05-28T21:08:54+0000"
    },
    "cutadapt": {
        "content": [
            "cutadapt_summary.tsv:md5,ba0452e3edde6300fd111ad0e5b8e206"
        ],
        "timestamp": "2023-05-28T21:08:54+0000"
    },
    "overall_summary_tsv": {
        "content": [
            "overall_summary.tsv:md5,19d8b19b8f406d238011c2b3d384b7d3"
        ],
        "timestamp": "2023-05-28T21:08:54+0000"
    },
    "dada2": {
        "content": [
            "ASV_seqs.fasta:md5,bde6052256e9994a8ba6d4dd45d992e3",
            "ASV_table.tsv:md5,223eb043a32a1ce932e2e515c00125e6",
            "DADA2_stats.tsv:md5,89a8bbd8f229ba75268098078fb254de",
            "DADA2_table.rds:md5,e527269819e4056eed063dca9f25e3e7",
            "DADA2_table.tsv:md5,d30d5d392665181abddcf8ba5bdda102"
        ],
        "timestamp": "2023-05-28T21:08:54+0000"
    },
    "barrnap": {
        "content": [
            "rrna.arc.gff:md5,fbe6bb4c5527c0099577af622e35af67",
            "rrna.bac.gff:md5,05ddde74c06bb7377f2087a90e3ee1c3",
            "rrna.euk.gff:md5,df19e1b84ba6f691d20c72b397c88abf",
            "rrna.mito.gff:md5,04be33c4213eb82f66cf0652fe9e32d8"
        ],
        "timestamp": "2023-05-28T21:08:54+0000"
    },
    "kraken2": {
        "content": [
            "ASV_tax.greengenes.kraken2.classifiedreads.txt:md5,9cbbe5e45608f14fe4d8ca32c3ad6518",
            "ASV_tax.greengenes.kraken2.complete.tsv:md5,cbdd1db05ba897ac9972b106a8138956",
            "ASV_tax.greengenes.kraken2.tsv:md5,87f748440bf5b3ce1c73029c495ff6e9"
        ],
        "timestamp": "2023-09-15T21:16:26+0000"
    },
    "multiqc": {
        "content": [
            "multiqc_general_stats.txt:md5,5761ecfac7e4d5dca249af61cd3f3de9",
            "multiqc_cutadapt.txt:md5,f022f739ce976fd43677d8889c7ba54b"
        ],
        "timestamp": "2023-05-28T21:08:54+0000"
    }
}
