{
    "input": {
        "content": [
            "ASV_seqs.fasta:md5,39b0d4ad96b37fa68d4ee5c21b667fed"
        ],
        "timestamp": "2023-05-28T21:06:17+0000"
    },
    "dada2": {
        "content": [
            "ref_taxonomy.rdp_18.txt:md5,815c4fce9f3d1de019fb995a43fb66ed"
        ],
        "timestamp": "2023-05-28T21:06:17+0000"
    },
    "asv_length_filter": {
        "content": [
            "ASV_len_filt.tsv:md5,0e5bd974219951f56db71843053ac796",
            "ASV_len_orig.tsv:md5,09a300b31acf0eee817367dad5083f48",
            "ASV_seqs.len.fasta:md5,9479b62fcff165963b33821e03fe7d7e",
            "stats.len.tsv:md5,6cc39bcbd889634364499f3a5a82af35"
        ],
        "timestamp": "2023-08-31T13:06:17+0000"
    },
    "barrnap": {
        "content": [
            "rrna.arc.gff:md5,6dae470aace9293d5eb8c318584852dd",
            "rrna.bac.gff:md5,439a9084f089120f700f938dfb58fa41",
            "rrna.euk.gff:md5,c9bc1d9d8fb77dc19c95dee2d53840eb",
            "rrna.mito.gff:md5,df19e1b84ba6f691d20c72b397c88abf"
        ],
        "timestamp": "2023-05-28T21:06:17+0000"
    },
    "codon_filter": {
        "content": [
            "ASV_codon_filtered.fna:md5,9eac2d17e026ac8b1cba876ff3cac619",
            "ASV_codon_filtered.list:md5,6cdde55829be1ebc5d73a17602e7c881"
        ],
        "timestamp": "2023-08-31T13:06:17+0000"
    }
}
