{
    "input": {
        "content": [
            "Samplesheet_it_SE_ITS.tsv:md5,929870dea597430aaeee2a52283b427f"
        ],
        "timestamp": "2023-06-20T01:42:35+0000"
    },
    "cutadapt": {
        "content": [
            "cutadapt_summary.tsv:md5,ee0bc82cf4798b0c2f599ba105314f86"
        ],
        "timestamp": "2023-06-20T01:42:35+0000"
    },
    "overall_summary_tsv": {
        "content": [
            "overall_summary.tsv:md5,713981de66c7cea8f95901b0cb07d2fa"
        ],
        "timestamp": "2023-06-20T01:42:35+0000"
    },
    "dada2": {
        "content": [
            "ASV_seqs.fasta:md5,24a69ad674c0b99882d095f6e8afdc03",
            "ASV_table.tsv:md5,444a501243cd14f9234aac10dfde704c",
            "DADA2_stats.tsv:md5,259dae4928fe3d4d543d6886fd9da609",
            "DADA2_table.rds:md5,e19dfd42ae0d68dbe9006b0c489e74ad",
            "DADA2_table.tsv:md5,8f495e41be9eb0f40b9dc448cbc05fc6"
        ],
        "timestamp": "2023-06-20T01:42:35+0000"
    },
    "barrnap": {
        "content": [
            "rrna.arc.gff:md5,df19e1b84ba6f691d20c72b397c88abf",
            "rrna.bac.gff:md5,df19e1b84ba6f691d20c72b397c88abf",
            "rrna.euk.gff:md5,df19e1b84ba6f691d20c72b397c88abf",
            "rrna.mito.gff:md5,df19e1b84ba6f691d20c72b397c88abf"
        ],
        "timestamp": "2023-06-20T01:42:35+0000"
    },
    "multiqc": {
        "content": [
            "multiqc_fastqc.txt:md5,6f1a5196d0840a35166b88e5b52bfcdd",
            "multiqc_general_stats.txt:md5,d01288c9cb7eb23d9d80c76594c5c70a",
            "multiqc_cutadapt.txt:md5,fc0fd8f43a96692ad13b0f3ad32c7328"
        ],
        "timestamp": "2023-06-20T01:42:35+0000"
    }
}
