{
    "input": {
        "content": [
            "Samplesheet_it_SE_ITS.tsv:md5,929870dea597430aaeee2a52283b427f"
        ],
        "timestamp": "2023-06-20T01:42:35+0000"
    },
    "cutadapt": {
        "content": [
            "cutadapt_summary.tsv:md5,ee0bc82cf4798b0c2f599ba105314f86"
        ],
        "timestamp": "2023-06-20T01:42:35+0000"
    },
    "software_versions": {
        "content": [
            "{BARRNAP={barrnap=0.9}, CUSTOM_DUMPSOFTWAREVERSIONS={python=3.12.0, yaml=6.0.1}, CUTADAPT_BASIC={cutadapt=3.4}, DADA2_DENOISING={R=4.3.1, dada2=1.28.0}, DADA2_FILTNTRIM={R=4.3.1, dada2=1.28.0}, DADA2_QUALITY1={R=4.3.1, ShortRead=1.58.0, dada2=1.28.0}, DADA2_TAXONOMY={R=4.3.1, dada2=1.28.0}, FASTQC={fastqc=0.12.1}, PHYLOSEQ={R=4.3.0, phyloseq=1.44.0}, RENAME_RAW_DATA_FILES={sed=4.7}, Workflow={nf-core/ampliseq=2.8.0}}"
        ],
        "timestamp": "2023-06-20T01:42:35+0000"
    },
    "overall_summary_tsv": {
        "content": [
            "overall_summary.tsv:md5,a7d1d93ad079ec0ea2479126dba0a607"
        ],
        "timestamp": "2023-06-20T01:42:35+0000"
    },
    "dada2": {
        "content": [
            "ASV_seqs.fasta:md5,24a69ad674c0b99882d095f6e8afdc03",
            "ASV_table.tsv:md5,bd99a0696aa853c0d12c2870ec9fb987",
            "DADA2_stats.tsv:md5,f543f7445bbb3941138166615fcf4866",
            "ref_taxonomy.unite-fungi_8_3.txt:md5,0f0f24c6c937cfe315f7f490ecdf9af4",
            "DADA2_table.rds:md5,bbbe293f2e03869cbe6b8f6b15ea0ed8",
            "DADA2_table.tsv:md5,d92684c4ac57c34341171f1dffccb4d6"
        ],
        "timestamp": "2023-06-20T01:42:35+0000"
    },
    "barrnap": {
        "content": [
            "rrna.arc.gff:md5,df19e1b84ba6f691d20c72b397c88abf",
            "rrna.bac.gff:md5,df19e1b84ba6f691d20c72b397c88abf",
            "rrna.euk.gff:md5,df19e1b84ba6f691d20c72b397c88abf",
            "rrna.mito.gff:md5,df19e1b84ba6f691d20c72b397c88abf"
        ],
        "timestamp": "2023-06-20T01:42:35+0000"
    },
    "multiqc": {
        "content": [
            "multiqc_fastqc.txt:md5,6f1a5196d0840a35166b88e5b52bfcdd",
            "multiqc_general_stats.txt:md5,8b11410948277038a1ba1a77bb30557f",
            "multiqc_cutadapt.txt:md5,9315dca2bd7b5476e54a9ccd8b1f24d5"
        ],
        "timestamp": "2023-06-20T01:42:35+0000"
    }
}
