{
    "input": {
        "content": [
            "Samplesheet.tsv:md5,dbf8d1a2b7933dab9e5a139f33c2b1f4"
        ],
        "timestamp": "2023-08-16T20:35:33+0000"
    },
    "cutadapt": {
        "content": [
            "cutadapt_summary.tsv:md5,cde6a72b1f0daccb7b69727834fbb9e5"
        ],
        "timestamp": "2023-08-16T20:35:33+0000"
    },
    "overall_summary_tsv": {
        "content": [
            "overall_summary.tsv:md5,a289a49d3afc66ef334f3c08bd933c25"
        ],
        "timestamp": "2024-03-26T20:35:33+0000"
    },
    "dada2": {
        "content": [
            "ASV_seqs.fasta:md5,3cc6f93eeee721c63beddfbeae8462e9",
            "ASV_table.tsv:md5,b7f193b12f02f33f4e03e7bfed8ae5c0",
            "ref_taxonomy.rdp_18.txt:md5,815c4fce9f3d1de019fb995a43fb66ed",
            "DADA2_stats.tsv:md5,ce4ebd6936bd78f337870c04ee671070",
            "DADA2_table.rds:md5,ef8051d016bb7a868401528982e9920f",
            "DADA2_table.tsv:md5,ac91dd7c8a73df76b8143b60bc646c6c"
        ],
        "timestamp": "2024-03-26T20:35:33+0000"
    },
    "barrnap": {
        "content": [
            "rrna.arc.gff:md5,b29c2ddec54aa1ee2f7607e0dd46bf97",
            "rrna.bac.gff:md5,15c5fa3b75684c42d60174b77fa87a09",
            "rrna.euk.gff:md5,1978664ae39a761f9082ae605c026182",
            "rrna.mito.gff:md5,df19e1b84ba6f691d20c72b397c88abf"
        ],
        "timestamp": "2024-03-26T20:35:33+0000"
    },
    "multiqc": {
        "content": [
            "multiqc_fastqc.txt:md5,ede83a16cac9730e6b961ed051c1de0e",
            "multiqc_general_stats.txt:md5,a77f38a488f9d1bf0bdf32e3e4b01939",
            "multiqc_cutadapt.txt:md5,15ff9f378c1d8fb01fdd40b8010862d4"
        ],
        "timestamp": "2024-03-26T20:35:33+0000"
    }
}
